
> dataset_speech@1.1.1 start
> react-scripts start

(node:2725) [DEP_WEBPACK_DEV_SERVER_ON_AFTER_SETUP_MIDDLEWARE] DeprecationWarning: 'onAfterSetupMiddleware' option is deprecated. Please use the 'setupMiddlewares' option.
(Use `node --trace-deprecation ...` to show where the warning was created)
(node:2725) [DEP_WEBPACK_DEV_SERVER_ON_BEFORE_SETUP_MIDDLEWARE] DeprecationWarning: 'onBeforeSetupMiddleware' option is deprecated. Please use the 'setupMiddlewares' option.
Starting the development server...

Compiled with warnings.

[eslint]
src/components/ConsentScreen.tsx
  Line 15:3:  'Modal' is defined but never used  @typescript-eslint/no-unused-vars

src/components/VoiceCheckScreen.tsx
  Line 2:42:  'Card' is defined but never used         @typescript-eslint/no-unused-vars
  Line 2:48:  'CardContent' is defined but never used  @typescript-eslint/no-unused-vars

src/components/VoiceSampleScreen.tsx
  Line 2:42:  'Card' is defined but never used         @typescript-eslint/no-unused-vars
  Line 2:48:  'CardContent' is defined but never used  @typescript-eslint/no-unused-vars

src/pages/RecordingPage.tsx
  Line 271:6:  React Hook useEffect has a missing dependency: 'location.pathname'. Either include it or remove the dependency array  react-hooks/exhaustive-deps

Search for the keywords to learn more about each warning.
To ignore, add // eslint-disable-next-line to the line before.

WARNING in [eslint]
src/components/ConsentScreen.tsx
  Line 15:3:  'Modal' is defined but never used  @typescript-eslint/no-unused-vars

src/components/VoiceCheckScreen.tsx
  Line 2:42:  'Card' is defined but never used         @typescript-eslint/no-unused-vars
  Line 2:48:  'CardContent' is defined but never used  @typescript-eslint/no-unused-vars

src/components/VoiceSampleScreen.tsx
  Line 2:42:  'Card' is defined but never used         @typescript-eslint/no-unused-vars
  Line 2:48:  'CardContent' is defined but never used  @typescript-eslint/no-unused-vars

src/pages/RecordingPage.tsx
  Line 271:6:  React Hook useEffect has a missing dependency: 'location.pathname'. Either include it or remove the dependency array  react-hooks/exhaustive-deps

webpack compiled with 1 warning
No issues found.
